src/app/homePage/page.tsx(60,14): error TS17008: JSX element 'Container' has no corresponding closing tag.
src/app/homePage/page.tsx(66,22): error TS17008: JSX element 'Box' has no corresponding closing tag.
src/app/homePage/page.tsx(72,33): error TS1136: Property assignment expected.
src/app/homePage/page.tsx(72,54): error TS1005: '}' expected.
src/app/homePage/page.tsx(76,29): error TS1381: Unexpected token. Did you mean `{'}'}` or `&rbrace;`?
src/app/homePage/page.tsx(76,30): error TS1381: Unexpected token. Did you mean `{'}'}` or `&rbrace;`?
src/app/homePage/page.tsx(76,31): error TS1382: Unexpected token. Did you mean `{'>'}` or `&gt;`?
src/app/homePage/page.tsx(78,31): error TS17002: Expected corresponding JSX closing tag for 'motion.div'.
src/app/homePage/page.tsx(139,21): error TS1005: ')' expected.
src/app/homePage/page.tsx(184,17): error TS1128: Declaration or statement expected.
src/app/homePage/page.tsx(185,13): error TS1109: Expression expected.
src/app/homePage/page.tsx(186,9): error TS1109: Expression expected.
src/app/homePage/page.tsx(187,5): error TS1109: Expression expected.
